{"level":"info","message":"\n╔════════════════════════════════════════╗\n║  Payment Orchestration System v1.0     ║\n║  Port     : 4000                       ║\n║  Gateways : Stripe, JazzCash, EasyPaisa║\n║  Status   : ONLINE ✓                  ║\n╚════════════════════════════════════════╝\n    ","service":"payment-orchestrator","timestamp":"2026-05-03 01:28:11"}
{"amount":5000,"country":"PK","currency":"PKR","customer":{"name":"Ali Khan","phone":"03001234567"},"level":"info","message":"Payment request received","requestId":"34099b91-95ea-46f8-8de7-2b26880b4770","service":"payment-orchestrator","timestamp":"2026-05-03 01:28:32"}
{"amount":5000,"currency":"PKR","level":"info","message":"Routing: PK transaction → EasyPaisa","service":"payment-orchestrator","timestamp":"2026-05-03 01:28:32"}
{"isFailover":false,"level":"info","message":"Attempting payment via EasyPaisa","requestId":"34099b91-95ea-46f8-8de7-2b26880b4770","service":"payment-orchestrator","timestamp":"2026-05-03 01:28:32"}
{"level":"info","message":"Payment succeeded via EasyPaisa","requestId":"34099b91-95ea-46f8-8de7-2b26880b4770","service":"payment-orchestrator","timestamp":"2026-05-03 01:28:32","transactionId":"ep_c061dc4d"}
{"level":"info","message":"Payment processing complete","requestId":"34099b91-95ea-46f8-8de7-2b26880b4770","result":{"gatewayUsed":"EasyPaisa","isFailover":false,"metadata":{"method":"wallet","provider":"Telenor"},"status":"completed","success":true,"timestamp":"2026-05-02T20:28:32.264Z","transactionId":"ep_c061dc4d"},"service":"payment-orchestrator","timestamp":"2026-05-03 01:28:32"}
{"amount":299.99,"country":"US","currency":"USD","customer":{"email":"john@example.com","name":"John Doe"},"level":"info","message":"Payment request received","requestId":"11a24383-b887-4b8d-878c-98b6f575ae12","service":"payment-orchestrator","timestamp":"2026-05-03 01:28:43"}
{"country":"US","currency":"USD","level":"info","message":"Routing: International transaction → Stripe","service":"payment-orchestrator","timestamp":"2026-05-03 01:28:43"}
{"isFailover":false,"level":"info","message":"Attempting payment via Stripe","requestId":"11a24383-b887-4b8d-878c-98b6f575ae12","service":"payment-orchestrator","timestamp":"2026-05-03 01:28:43"}
{"level":"info","message":"Payment succeeded via Stripe","requestId":"11a24383-b887-4b8d-878c-98b6f575ae12","service":"payment-orchestrator","timestamp":"2026-05-03 01:28:43","transactionId":"st_5iekj1inv"}
{"level":"info","message":"Payment processing complete","requestId":"11a24383-b887-4b8d-878c-98b6f575ae12","result":{"gatewayUsed":"Stripe","isFailover":false,"metadata":{"brand":"visa","method":"card"},"status":"completed","success":true,"timestamp":"2026-05-02T20:28:43.196Z","transactionId":"st_5iekj1inv"},"service":"payment-orchestrator","timestamp":"2026-05-03 01:28:43"}
{"amount":5999,"country":"PK","currency":"PKR","customer":{"name":"Test User","phone":"03001234567"},"level":"info","message":"Payment request received","requestId":"5993c160-fc8d-49de-bde3-ccbab68dc33d","service":"payment-orchestrator","timestamp":"2026-05-03 01:48:59"}
{"amount":5999,"currency":"PKR","level":"info","message":"Routing: PK transaction → JazzCash","service":"payment-orchestrator","timestamp":"2026-05-03 01:48:59"}
{"isFailover":false,"level":"info","message":"Attempting payment via JazzCash","requestId":"5993c160-fc8d-49de-bde3-ccbab68dc33d","service":"payment-orchestrator","timestamp":"2026-05-03 01:48:59"}
{"error":"JazzCash: OTP verification failed or insufficient balance.","level":"error","message":"Payment failed via JazzCash","requestId":"5993c160-fc8d-49de-bde3-ccbab68dc33d","service":"payment-orchestrator","timestamp":"2026-05-03 01:48:59"}
{"level":"warn","message":"Failover: JazzCash → EasyPaisa","service":"payment-orchestrator","timestamp":"2026-05-03 01:48:59"}
{"from":"JazzCash","level":"warn","message":"Initiating failover payment attempt","requestId":"5993c160-fc8d-49de-bde3-ccbab68dc33d","service":"payment-orchestrator","timestamp":"2026-05-03 01:48:59","to":"EasyPaisa"}
{"isFailover":true,"level":"info","message":"Attempting payment via EasyPaisa","requestId":"5993c160-fc8d-49de-bde3-ccbab68dc33d","service":"payment-orchestrator","timestamp":"2026-05-03 01:48:59"}
{"level":"info","message":"Payment succeeded via EasyPaisa","requestId":"5993c160-fc8d-49de-bde3-ccbab68dc33d","service":"payment-orchestrator","timestamp":"2026-05-03 01:48:59","transactionId":"ep_c04d6e7c"}
{"level":"info","message":"Payment processing complete","requestId":"5993c160-fc8d-49de-bde3-ccbab68dc33d","result":{"gatewayUsed":"EasyPaisa","isFailover":true,"metadata":{"method":"wallet","provider":"Telenor"},"status":"completed","success":true,"timestamp":"2026-05-02T20:48:59.716Z","transactionId":"ep_c04d6e7c"},"service":"payment-orchestrator","timestamp":"2026-05-03 01:48:59"}
{"amount":5000,"country":"PK","currency":"PKR","customer":{"name":"Ali","phone":"03001234567"},"level":"info","message":"Payment request received","requestId":"d8552dde-02ac-4482-b4b2-945c179b5576","service":"payment-orchestrator","timestamp":"2026-05-03 15:17:20"}
{"amount":5000,"currency":"PKR","level":"info","message":"Routing: PK transaction → JazzCash","service":"payment-orchestrator","timestamp":"2026-05-03 15:17:20"}
{"isFailover":false,"level":"info","message":"Attempting payment via JazzCash","requestId":"d8552dde-02ac-4482-b4b2-945c179b5576","service":"payment-orchestrator","timestamp":"2026-05-03 15:17:20"}
{"level":"info","message":"Payment succeeded via JazzCash","requestId":"d8552dde-02ac-4482-b4b2-945c179b5576","service":"payment-orchestrator","timestamp":"2026-05-03 15:17:20","transactionId":"jc_1777803440548"}
{"level":"info","message":"Payment processing complete","requestId":"d8552dde-02ac-4482-b4b2-945c179b5576","result":{"gatewayUsed":"JazzCash","isFailover":false,"metadata":{"account":"03001234567","method":"wallet"},"status":"completed","success":true,"timestamp":"2026-05-03T10:17:20.550Z","transactionId":"jc_1777803440548"},"service":"payment-orchestrator","timestamp":"2026-05-03 15:17:20"}
{"amount":150,"country":"US","currency":"USD","customer":{"email":"john@test.com","name":"John"},"level":"info","message":"Payment request received","requestId":"1b9013bd-9cb2-4e90-807e-ad1fbbbd9cba","service":"payment-orchestrator","timestamp":"2026-05-03 15:17:20"}
{"country":"US","currency":"USD","level":"info","message":"Routing: International transaction → Stripe","service":"payment-orchestrator","timestamp":"2026-05-03 15:17:20"}
{"isFailover":false,"level":"info","message":"Attempting payment via Stripe","requestId":"1b9013bd-9cb2-4e90-807e-ad1fbbbd9cba","service":"payment-orchestrator","timestamp":"2026-05-03 15:17:20"}
{"level":"info","message":"Payment succeeded via Stripe","requestId":"1b9013bd-9cb2-4e90-807e-ad1fbbbd9cba","service":"payment-orchestrator","timestamp":"2026-05-03 15:17:20","transactionId":"st_rbyhapynn"}
{"level":"info","message":"Payment processing complete","requestId":"1b9013bd-9cb2-4e90-807e-ad1fbbbd9cba","result":{"gatewayUsed":"Stripe","isFailover":false,"metadata":{"brand":"visa","method":"card"},"status":"completed","success":true,"timestamp":"2026-05-03T10:17:20.572Z","transactionId":"st_rbyhapynn"},"service":"payment-orchestrator","timestamp":"2026-05-03 15:17:20"}
{"amount":150000,"country":"PK","currency":"PKR","customer":{"name":"Sara","phone":"03001234567"},"level":"info","message":"Payment request received","requestId":"a8a9907b-e6ee-44ff-af36-4f132207b2bb","service":"payment-orchestrator","timestamp":"2026-05-03 15:17:20"}
{"amount":150000,"level":"info","message":"Routing: High-value PK transaction → Stripe","service":"payment-orchestrator","timestamp":"2026-05-03 15:17:20"}
{"isFailover":false,"level":"info","message":"Attempting payment via Stripe","requestId":"a8a9907b-e6ee-44ff-af36-4f132207b2bb","service":"payment-orchestrator","timestamp":"2026-05-03 15:17:20"}
{"level":"info","message":"Payment succeeded via Stripe","requestId":"a8a9907b-e6ee-44ff-af36-4f132207b2bb","service":"payment-orchestrator","timestamp":"2026-05-03 15:17:20","transactionId":"st_quuvp8ami"}
{"level":"info","message":"Payment processing complete","requestId":"a8a9907b-e6ee-44ff-af36-4f132207b2bb","result":{"gatewayUsed":"Stripe","isFailover":false,"metadata":{"brand":"visa","method":"card"},"status":"completed","success":true,"timestamp":"2026-05-03T10:17:20.585Z","transactionId":"st_quuvp8ami"},"service":"payment-orchestrator","timestamp":"2026-05-03 15:17:20"}
{"body":{"amount":50,"currency":"USDT","customer":{"email":"bro@crypto.com","name":"Crypto Bro"},"paymentMethodHint":"crypto"},"errors":["currency: must be a 3-letter ISO code (e.g., USD, PKR).","country: must be a 2-letter ISO code (e.g., PK, US)."],"level":"warn","message":"Invalid payment request","service":"payment-orchestrator","timestamp":"2026-05-03 15:17:20"}
{"body":{"amount":50,"currency":"USDT","customer":{"email":"bro@crypto.com","name":"Crypto Bro"},"paymentMethodHint":"crypto"},"errors":["currency: must be a 3-letter ISO code (e.g., USD, PKR).","country: must be a 2-letter ISO code (e.g., PK, US)."],"level":"warn","message":"Invalid payment request","service":"payment-orchestrator","timestamp":"2026-05-03 15:17:56"}
{"level":"info","message":"\n╔════════════════════════════════════════╗\n║  Payment Orchestration System v1.0     ║\n║  Port     : 4000                       ║\n║  Gateways : Stripe, JazzCash, EasyPaisa║\n║  Status   : ONLINE ✓                  ║\n╚════════════════════════════════════════╝\n    ","service":"payment-orchestrator","timestamp":"2026-05-03 15:18:58"}
{"amount":5000,"country":"PK","currency":"PKR","customer":{"name":"Ali","phone":"03001234567"},"level":"info","message":"[Orchestrator] Payment request received","requestId":"bedc88de-3ff0-460f-98e5-9cff3007b40f","service":"payment-orchestrator","timestamp":"2026-05-03 15:19:09"}
{"amount":5000,"currency":"PKR","level":"info","message":"Routing: PK transaction → EasyPaisa","service":"payment-orchestrator","timestamp":"2026-05-03 15:19:09"}
{"level":"info","message":"[FailoverManager] Attempt 1/3 via EasyPaisa","requestId":"bedc88de-3ff0-460f-98e5-9cff3007b40f","service":"payment-orchestrator","timestamp":"2026-05-03 15:19:09"}
{"level":"info","message":"[FailoverManager] Payment succeeded via EasyPaisa","requestId":"bedc88de-3ff0-460f-98e5-9cff3007b40f","service":"payment-orchestrator","timestamp":"2026-05-03 15:19:09","transactionId":"ep_e865ffcf"}
{"level":"info","message":"[Orchestrator] Payment processing complete","requestId":"bedc88de-3ff0-460f-98e5-9cff3007b40f","service":"payment-orchestrator","timestamp":"2026-05-03 15:19:09","unifiedResponse":{"gatewayUsed":"EasyPaisa","isFailover":false,"metadata":{"method":"wallet","provider":"Telenor","type":"fiat"},"status":"completed","success":true,"timestamp":"2026-05-03T10:19:09.741Z","transactionId":"ep_e865ffcf","type":"fiat"}}
{"amount":150,"country":"US","currency":"USD","customer":{"email":"john@test.com","name":"John"},"level":"info","message":"[Orchestrator] Payment request received","requestId":"c6168589-421d-4dd8-a32d-acc3a0b9a454","service":"payment-orchestrator","timestamp":"2026-05-03 15:19:09"}
{"country":"US","currency":"USD","level":"info","message":"Routing: International fiat transaction → Stripe","service":"payment-orchestrator","timestamp":"2026-05-03 15:19:09"}
{"level":"info","message":"[FailoverManager] Attempt 1/3 via Stripe","requestId":"c6168589-421d-4dd8-a32d-acc3a0b9a454","service":"payment-orchestrator","timestamp":"2026-05-03 15:19:09"}
{"level":"info","message":"[FailoverManager] Payment succeeded via Stripe","requestId":"c6168589-421d-4dd8-a32d-acc3a0b9a454","service":"payment-orchestrator","timestamp":"2026-05-03 15:19:09","transactionId":"st_waugfovkb"}
{"level":"info","message":"[Orchestrator] Payment processing complete","requestId":"c6168589-421d-4dd8-a32d-acc3a0b9a454","service":"payment-orchestrator","timestamp":"2026-05-03 15:19:09","unifiedResponse":{"gatewayUsed":"Stripe","isFailover":false,"metadata":{"brand":"visa","method":"card","type":"fiat"},"status":"completed","success":true,"timestamp":"2026-05-03T10:19:09.765Z","transactionId":"st_waugfovkb","type":"fiat"}}
{"amount":150000,"country":"PK","currency":"PKR","customer":{"name":"Sara","phone":"03001234567"},"level":"info","message":"[Orchestrator] Payment request received","requestId":"9c5aa466-5ddd-4491-86ca-1f545a1ed69e","service":"payment-orchestrator","timestamp":"2026-05-03 15:19:09"}
{"amount":150000,"level":"info","message":"Routing: High-value PK transaction → Stripe","service":"payment-orchestrator","timestamp":"2026-05-03 15:19:09"}
{"level":"info","message":"[FailoverManager] Attempt 1/3 via Stripe","requestId":"9c5aa466-5ddd-4491-86ca-1f545a1ed69e","service":"payment-orchestrator","timestamp":"2026-05-03 15:19:09"}
{"level":"info","message":"[FailoverManager] Payment succeeded via Stripe","requestId":"9c5aa466-5ddd-4491-86ca-1f545a1ed69e","service":"payment-orchestrator","timestamp":"2026-05-03 15:19:09","transactionId":"st_y83f3anbv"}
{"level":"info","message":"[Orchestrator] Payment processing complete","requestId":"9c5aa466-5ddd-4491-86ca-1f545a1ed69e","service":"payment-orchestrator","timestamp":"2026-05-03 15:19:09","unifiedResponse":{"gatewayUsed":"Stripe","isFailover":false,"metadata":{"brand":"visa","method":"card","type":"fiat"},"status":"completed","success":true,"timestamp":"2026-05-03T10:19:09.773Z","transactionId":"st_y83f3anbv","type":"fiat"}}
{"amount":50,"currency":"USDT","customer":{"email":"bro@crypto.com","name":"Crypto Bro"},"level":"info","message":"[Orchestrator] Payment request received","paymentMethodHint":"crypto","requestId":"554da105-8a87-45d9-ba25-05b4b944f577","service":"payment-orchestrator","timestamp":"2026-05-03 15:19:09"}
{"currency":"USDT","level":"info","message":"Routing: Crypto transaction → CryptoGateway","service":"payment-orchestrator","timestamp":"2026-05-03 15:19:09"}
{"level":"info","message":"[FailoverManager] Attempt 1/3 via Crypto","requestId":"554da105-8a87-45d9-ba25-05b4b944f577","service":"payment-orchestrator","timestamp":"2026-05-03 15:19:09"}
{"level":"info","message":"[CryptoGateway] Initializing crypto payment for 50 USDT","service":"payment-orchestrator","timestamp":"2026-05-03 15:19:09"}
{"level":"info","message":"[CryptoService] Generating invoice for 50 USDT","service":"payment-orchestrator","timestamp":"2026-05-03 15:19:09"}
{"level":"info","message":"[FailoverManager] Payment succeeded via Crypto","requestId":"554da105-8a87-45d9-ba25-05b4b944f577","service":"payment-orchestrator","timestamp":"2026-05-03 15:19:09","transactionId":"cryp_1777803549781_w47oko"}
{"level":"info","message":"[Orchestrator] Payment processing complete","requestId":"554da105-8a87-45d9-ba25-05b4b944f577","service":"payment-orchestrator","timestamp":"2026-05-03 15:19:09","unifiedResponse":{"gatewayUsed":"Crypto","isFailover":false,"metadata":{"expiresAt":"2026-05-03T10:49:09.781Z","method":"crypto","payAddress":"T9yD14Nj9j7xAB4dbGeiX9h8unkKZg","payAmount":50,"payCurrency":"USDT"},"status":"pending","success":true,"timestamp":"2026-05-03T10:19:09.782Z","transactionId":"cryp_1777803549781_w47oko","type":"crypto"}}
